
t4 = A;
if t4
    t2 = t4;
else
    t5 = B;
    t2 = t4 | t5;
end
if t2
    t6 = C;
    if t6
        t3 = t6;
    else
        t7 = D;
        t3 = t6 | t7;
    end
    t1 = t2 & t3;
else
    t1 = t2;
end
if t1
    foo();
end
