
t1 = A;
if t1
    t3 = t1;
else
    t2 = B;
    t3 = t1 | t2;
end
if t3
    foo();
end
