
t1 = (3+4);
t2 = (4+8);
if t1 > t2
    foo();
end
