
A = 1:10;
t0 = A;
[t1,t2] = size(t0);
i = [];
for t3 = 1:t2
    i = t0(:,t3);
    i
end
