
a = 3;
b(a) = 4;
t0 = foo();
t1 = foo(bar(b));
c(t1) = t0;
for( i = 1:3 )
    t3 = bar();
    t4 = foo(a);
    t5 = bar(b);
    t6 = foo();
    d(t4).e(t5).f(t6) = t3;
end
