[1, 5]  unexpected token LCURLY
[1, 4]  try inserting EOF
