1 1
6 10
a = ((M') + (M'))
@handle
global x y
persistent x;
return
!cmd1;cmd2
