[1, 3]  unexpected token RPAREN
[1, 3]  try deleting RPAREN
