1 1
6 5
switch a
case 1
	a = (a * 2)
otherwise 
	a = (a - 1)
end
