1 1
4 3
function [] = f(x)
%%helpcomment
y = x;
end
