1 1
41 12
(a + (b + c))
(a + (b - c))
((a + b) * c)
((a + b) / c)
((a + b) \ c)
((a + b) ^ c)

(a - (b + c))
(a - (b - c))
((a - b) * c)
((a - b) / c)
((a - b) \ c)
((a - b) ^ c)

(a * (b + c))
(a * (b - c))
(a * (b * c))
(a * (b / c))
(a * (b \ c))
((a * b) ^ c)

(a / (b + c))
(a / (b - c))
(a / (b * c))
(a / (b / c))
(a / (b \ c))
((a / b) ^ c)

(a \ (b + c))
(a \ (b - c))
(a \ (b * c))
(a \ (b / c))
(a \ (b \ c))
((a \ b) ^ c)

(a ^ (b + c))
(a ^ (b - c))
(a ^ (b * c))
(a ^ (b / c))
(a ^ (b \ c))
(a ^ (b ^ c))