[1, 2]  unexpected token END
[1, 2]  try deleting END
