[1, 4]  unexpected token LPAREN
[1, 3]  try inserting EOF
