1 1
5 5
if (n < 0)
	A = ((-n) / 2)
else 
	A = ((n + 1) / 2)
end
