1 1
4 9
... % comment 1 
% comment 2
% comment 3
e = {1, 2; 3, 4}
