IDENTIFIER 1 1 1 =a
# ELLIPSIS_COMMENT 1 2 4 =...
~ 2 2
