SHELL_COMMAND 1 1 1 =
LINE_TERMINATOR 1 2 1
SHELL_COMMAND 2 1 6 =blah1
LINE_TERMINATOR 2 7 1
IDENTIFIER 3 1 5 =blah2
SHELL_COMMAND 3 7 7 = blah3
