IDENTIFIER 1 1 1 =a
DOT 1 2 1
IDENTIFIER 1 3 1 =b
LINE_TERMINATOR 1 4 1
IDENTIFIER 2 1 1 =d
DOT 2 2 1
IDENTIFIER 2 3 1 =e
DOT 2 4 1
IDENTIFIER 2 5 1 =f
LINE_TERMINATOR 2 6 1
IDENTIFIER 3 1 1 =g
DOT 3 3 1
IDENTIFIER 3 5 1 =h
LINE_TERMINATOR 3 6 1
IDENTIFIER 4 1 1 =i
DOT 4 2 1
# ELLIPSIS_COMMENT 4 4 4 =...
IDENTIFIER 5 1 1 =j
LINE_TERMINATOR 5 2 1
IDENTIFIER 6 1 1 =k
FP_NUMBER 6 2 2 =.1
LINE_TERMINATOR 6 4 1
IDENTIFIER 7 1 1 =a
DOT 7 2 1
IDENTIFIER 7 3 3 =for
LINE_TERMINATOR 7 6 1
IDENTIFIER 8 1 1 =a
DOT 8 2 1
IDENTIFIER 8 3 1 =x
FOR 8 5 3
LINE_TERMINATOR 8 8 1
IDENTIFIER 9 1 1 =a
DOT 9 2 1
DOT 9 3 1
FOR 9 5 3
LINE_TERMINATOR 9 8 1
IDENTIFIER 10 1 1 =a
DOT 10 3 1
INT_NUMBER 10 5 3 =100
FOR 10 9 3
LINE_TERMINATOR 10 12 1
IDENTIFIER 11 1 4 =blah
DOT 11 5 1
IDENTIFIER 11 6 3 =for
FOR 11 10 3
LINE_TERMINATOR 11 13 1
FP_NUMBER 12 1 2 =1.
DOT 12 3 1
DOT 12 4 1
LINE_TERMINATOR 12 5 1
INT_NUMBER 13 1 1 =1
ETIMES 13 2 2
IDENTIFIER 13 4 1 =X
LINE_TERMINATOR 13 5 1
INT_NUMBER 14 1 1 =1
EDIV 14 2 2
IDENTIFIER 14 4 1 =X
LINE_TERMINATOR 14 5 1
INT_NUMBER 15 1 1 =1
ELDIV 15 2 2
IDENTIFIER 15 4 1 =X
LINE_TERMINATOR 15 5 1
INT_NUMBER 16 1 1 =1
EPOW 16 2 2
IDENTIFIER 16 4 1 =X
LINE_TERMINATOR 16 5 1
INT_NUMBER 17 1 1 =1
ARRAYTRANSPOSE 17 2 2
LINE_TERMINATOR 17 4 1
FP_NUMBER 18 1 2 =1.
MTIMES 18 4 1
IDENTIFIER 18 5 1 =X
LINE_TERMINATOR 18 6 1
FP_NUMBER 19 1 2 =1.
MDIV 19 4 1
IDENTIFIER 19 5 1 =X
LINE_TERMINATOR 19 6 1
FP_NUMBER 20 1 2 =1.
MLDIV 20 4 1
IDENTIFIER 20 5 1 =X
LINE_TERMINATOR 20 6 1
FP_NUMBER 21 1 2 =1.
MPOW 21 4 1
IDENTIFIER 21 5 1 =X
LINE_TERMINATOR 21 6 1
