# ELLIPSIS_COMMENT 1 1 4 =...
# ELLIPSIS_COMMENT 2 2 22 =... blah blah blah ..
