STRING 1 1 6 =blah
LINE_TERMINATOR 1 7 1
STRING 2 1 2 =
LINE_TERMINATOR 2 3 1
# BRACKET_COMMENT 3 1 8 =%{blah%}
LINE_TERMINATOR 3 9 1
# BRACKET_COMMENT 4 1 4 =%{%}
