a = [1,2,3,4];
b = [1,2;3,4];
t1 = a;
t2 = foo();
c = [1,t1;t2,4];
