a(1).b = 4;
a(2).b = 2;
t1 = a(3);
t2 = t1.b;
c = foo(t2);
