b = 2;
c = 1;
t1 = b;
check_scalar(t1)
if t1
   t1 = c;
   check_scalar(t1);
else
   t1 = false;
end
c = t1;
