t1 = foo();
t2 = b(t1);
t3 = bar();
t4 = t2.c(t3);
