b = 1;
c = 2;
d = 3;
t1 = b;
check_scalar(t1);
if t1
   t1 = ~c;
   check_scalar(t1);
   if t1
      t1 = d;
      check_scalar(t1);
   else
      t1 = true;
   end
else
   t1 = false;
end
a = t1;
