>>>> Destination Language -> Source Language
[1, 1] -> (1, 1)
>>>> Translated Text
 