>>>> Destination Language -> Source Language
[1, 1] -> (1, 1)
[1, 2] -> (1, 2)
[1, 3] -> (1, 3)
[1, 4] -> (1, 4)
[1, 5] -> (1, 5)
[1, 6] -> (1, 6)
[1, 7] -> (1, 7)
[1, 8] -> (1, 8)
[1, 9] -> (1, 9)
[1, 10] -> (1, 10)
[1, 11] -> (1, 11)
[1, 12] -> (1, 12)
[1, 13] -> (1, 13)
[1, 14] -> (1, 14)
[1, 15] -> (1, 15)
[1, 16] -> (1, 16)
[1, 17] -> (1, 17)
[1, 18] -> (1, 18)
[1, 19] -> (1, 19)
[1, 20] -> (1, 20)
[1, 21] -> (1, 21)
[1, 22] -> (1, 22)
[1, 23] -> (1, 23)
[1, 24] -> (1, 24)
[1, 25] -> (1, 25)
[1, 26] -> (1, 26)
[1, 27] -> (1, 27)
[1, 1] -> (1, 1)
[2, 1] -> (2, 1)
[2, 2] -> (2, 2)
[2, 3] -> (2, 3)
[2, 4] -> (2, 4)
[2, 5] -> (2, 5)
[2, 6] -> (2, 6)
[2, 7] -> (2, 7)
[2, 8] -> (2, 8)
[2, 9] -> (2, 9)
[2, 10] -> (2, 10)
[2, 11] -> (2, 11)
[2, 12] -> (2, 12)
[2, 13] -> (2, 13)
[2, 14] -> (2, 14)
[2, 15] -> (2, 15)
[2, 16] -> (2, 16)
[2, 17] -> (2, 17)
[2, 18] -> (2, 18)
[2, 19] -> (2, 19)
[2, 20] -> (2, 20)
[2, 21] -> (2, 21)
[2, 22] -> (2, 22)
[2, 23] -> (2, 23)
[2, 24] -> (2, 24)
[2, 25] -> (2, 25)
[2, 26] -> (2, 26)
[2, 27] -> (2, 27)
[2, 28] -> (2, 28)
[2, 29] -> (2, 29)
[2, 30] -> (2, 30)
[2, 31] -> (2, 31)
[2, 32] -> (2, 32)
[2, 33] -> (2, 33)
[2, 34] -> (2, 34)
[2, 35] -> (2, 35)
[2, 36] -> (2, 36)
[2, 37] -> (2, 37)
[2, 38] -> (2, 38)
[2, 39] -> (2, 39)
[2, 40] -> (2, 40)
[2, 41] -> (2, 41)
[2, 42] -> (2, 42)
[2, 1] -> (2, 1)
[3, 1] -> (3, 1)
[3, 2] -> (3, 2)
[3, 3] -> (3, 3)
[3, 4] -> (3, 4)
[3, 5] -> (3, 5)
[3, 6] -> (3, 6)
[3, 7] -> (3, 7)
[3, 8] -> (3, 8)
[3, 9] -> (3, 9)
[3, 10] -> (3, 10)
[3, 11] -> (3, 11)
[3, 12] -> (3, 12)
[3, 13] -> (3, 13)
[3, 14] -> (3, 14)
[3, 15] -> (3, 15)
[3, 16] -> (3, 16)
[3, 17] -> (3, 17)
[3, 18] -> (3, 18)
[3, 19] -> (3, 19)
[3, 20] -> (3, 20)
[3, 21] -> (3, 21)
[3, 22] -> (3, 22)
[3, 23] -> (3, 23)
[3, 24] -> (3, 24)
[3, 25] -> (3, 25)
[3, 26] -> (3, 26)
[3, 27] -> (3, 27)
[3, 28] -> (3, 28)
[3, 29] -> (3, 29)
[3, 30] -> (3, 30)
[3, 31] -> (3, 31)
[3, 32] -> (3, 32)
[3, 33] -> (3, 33)
[3, 34] -> (3, 34)
[3, 35] -> (3, 35)
[3, 36] -> (3, 36)
[3, 37] -> (3, 37)
[3, 38] -> (3, 38)
[3, 39] -> (3, 39)
[3, 40] -> (3, 40)
[3, 41] -> (3, 41)
[3, 42] -> (3, 42)
[3, 43] -> (3, 43)
[3, 44] -> (3, 44)
>>>> Translated Text
A = {1, 2; 3, a-5; a, a+6}
B = {N.', ~~true; M', a---3; ++2,  N.'.'}
C = {N.', ~~true, N.'.' ; a---3, ++2, M'+M'}