>>>> Destination Language -> Source Language
[1, 1] -> (1, 1)
[1, 2] -> (1, 2)
[1, 3] -> (1, 3)
[1, 4] -> (1, 4)
[1, 5] -> (1, 5)
[1, 6] -> (1, 6)
[1, 7] -> (1, 7)
[1, 8] -> (1, 8)
[1, 9] -> (1, 9)
[1, 10] -> (1, 10)
[1, 11] -> (1, 11)
[1, 12] -> (1, 12)
[1, 13] -> (1, 13)
[1, 1] -> (1, 1)
[2, 1] -> (2, 1)
[2, 2] -> (2, 2)
[2, 3] -> (2, 3)
[2, 4] -> (2, 4)
[2, 5] -> (2, 5)
[2, 6] -> (2, 6)
[2, 7] -> (2, 7)
[2, 8] -> (2, 8)
[2, 9] -> (2, 9)
[2, 10] -> (2, 10)
[2, 11] -> (2, 11)
[2, 12] -> (2, 12)
[2, 1] -> (2, 1)
[3, 1] -> (3, 1)
[3, 2] -> (3, 2)
[3, 3] -> (3, 3)
[3, 4] -> (3, 4)
[3, 1] -> (3, 1)
>>>> Translated Text
if  n < 0   
elseif n>10
end
