>>>> Destination Language -> Source Language
[1, 1] -> (1, 1)
[1, 2] -> (1, 2)
[1, 3] -> (1, 3)
[1, 4] -> (1, 4)
[1, 5] -> (1, 5)
[1, 6] -> (1, 6)
[2, 1] -> (2, 1)
[2, 2] -> (2, 2)
[2, 3] -> (2, 3)
[2, 4] -> (2, 4)
[2, 5] -> (2, 5)
[2, 6] -> (2, 6)
[3, 1] -> (3, 1)
[3, 2] -> (3, 2)
[3, 3] -> (3, 3)
[3, 4] -> (3, 4)
[3, 5] -> (3, 5)
[3, 6] -> (3, 6)
[4, 1] -> (4, 1)
[4, 2] -> (4, 2)
[4, 3] -> (4, 3)
[4, 4] -> (4, 4)
[4, 5] -> (4, 5)
[4, 6] -> (4, 6)
[5, 1] -> (5, 1)
[5, 2] -> (5, 2)
[5, 3] -> (5, 3)
[5, 4] -> (5, 4)
[5, 5] -> (5, 5)
[5, 6] -> (5, 6)
[6, 1] -> (6, 1)
[6, 2] -> (6, 2)
[6, 3] -> (6, 3)
[6, 4] -> (6, 4)
[6, 5] -> (6, 5)
[6, 6] -> (6, 6)
[7, 1] -> (7, 1)
[8, 1] -> (8, 1)
[8, 2] -> (8, 2)
[8, 3] -> (8, 3)
[8, 4] -> (8, 4)
[8, 5] -> (8, 5)
[8, 6] -> (8, 6)
[8, 7] -> (8, 7)
[8, 8] -> (8, 8)
[8, 9] -> (8, 9)
[8, 10] -> (8, 10)
[9, 1] -> (9, 1)
[9, 2] -> (9, 2)
[9, 3] -> (9, 3)
[9, 4] -> (9, 4)
[9, 5] -> (9, 5)
[9, 6] -> (9, 6)
[9, 7] -> (9, 7)
[9, 8] -> (9, 8)
[9, 9] -> (9, 9)
[9, 10] -> (9, 10)
[10, 1] -> (10, 1)
[10, 2] -> (10, 2)
[10, 3] -> (10, 3)
[10, 4] -> (10, 4)
[10, 5] -> (10, 5)
[10, 6] -> (10, 6)
[10, 7] -> (10, 7)
[10, 8] -> (10, 8)
[10, 9] -> (10, 9)
[10, 10] -> (10, 10)
[11, 1] -> (11, 1)
[11, 2] -> (11, 2)
[11, 3] -> (11, 3)
[11, 4] -> (11, 4)
[11, 5] -> (11, 5)
[11, 6] -> (11, 6)
[11, 7] -> (11, 7)
[11, 8] -> (11, 8)
[11, 9] -> (11, 9)
[11, 10] -> (11, 10)
[12, 1] -> (12, 1)
[12, 2] -> (12, 2)
[12, 3] -> (12, 3)
[12, 4] -> (12, 4)
[12, 5] -> (12, 5)
[12, 6] -> (12, 6)
[12, 7] -> (12, 7)
[12, 8] -> (12, 8)
[12, 9] -> (12, 9)
[12, 10] -> (12, 10)
[13, 1] -> (13, 1)
[13, 2] -> (13, 2)
[13, 3] -> (13, 3)
[13, 4] -> (13, 4)
[13, 5] -> (13, 5)
[13, 6] -> (13, 6)
[13, 7] -> (13, 7)
[13, 8] -> (13, 8)
[13, 9] -> (13, 9)
[13, 10] -> (13, 10)
[14, 1] -> (14, 1)
[15, 1] -> (15, 1)
[15, 2] -> (15, 2)
[15, 3] -> (15, 3)
[15, 4] -> (15, 4)
[15, 5] -> (15, 5)
[15, 6] -> (15, 6)
[15, 7] -> (15, 7)
[16, 1] -> (16, 1)
[16, 2] -> (16, 2)
[16, 3] -> (16, 3)
[16, 4] -> (16, 4)
[16, 5] -> (16, 5)
[16, 6] -> (16, 6)
[16, 7] -> (16, 7)
[17, 1] -> (17, 1)
[17, 2] -> (17, 2)
[17, 3] -> (17, 3)
[17, 4] -> (17, 4)
[17, 5] -> (17, 5)
[17, 6] -> (17, 6)
[17, 7] -> (17, 7)
[18, 1] -> (18, 1)
[18, 2] -> (18, 2)
[18, 3] -> (18, 3)
[18, 4] -> (18, 4)
[18, 5] -> (18, 5)
[18, 6] -> (18, 6)
[18, 7] -> (18, 7)
[19, 1] -> (19, 1)
[20, 1] -> (20, 1)
[20, 2] -> (20, 2)
[20, 3] -> (20, 3)
[20, 4] -> (20, 4)
[20, 5] -> (20, 5)
[20, 6] -> (20, 6)
[20, 7] -> (20, 7)
[20, 8] -> (20, 8)
[20, 9] -> (20, 9)
[20, 10] -> (20, 10)
[20, 11] -> (20, 11)
[20, 12] -> (20, 12)
[21, 1] -> (21, 1)
[21, 2] -> (21, 2)
[21, 3] -> (21, 3)
[21, 4] -> (21, 4)
[21, 5] -> (21, 5)
[21, 6] -> (21, 6)
[21, 7] -> (21, 7)
[21, 8] -> (21, 8)
[21, 9] -> (21, 9)
[21, 10] -> (21, 10)
[21, 11] -> (21, 11)
[21, 12] -> (21, 12)
[22, 1] -> (22, 1)
[22, 2] -> (22, 2)
[22, 3] -> (22, 3)
[22, 4] -> (22, 4)
[22, 5] -> (22, 5)
[22, 6] -> (22, 6)
[22, 7] -> (22, 7)
[22, 8] -> (22, 8)
[22, 9] -> (22, 9)
[22, 10] -> (22, 10)
[22, 11] -> (22, 11)
[22, 12] -> (22, 12)
[23, 1] -> (23, 1)
[23, 2] -> (23, 2)
[23, 3] -> (23, 3)
[23, 4] -> (23, 4)
[23, 5] -> (23, 5)
[23, 6] -> (23, 6)
[23, 7] -> (23, 7)
[23, 8] -> (23, 8)
[23, 9] -> (23, 9)
[23, 10] -> (23, 10)
[23, 11] -> (23, 11)
[23, 12] -> (23, 12)
[24, 1] -> (24, 1)
[25, 1] -> (25, 1)
[25, 2] -> (25, 2)
[25, 3] -> (25, 3)
[25, 4] -> (25, 4)
[25, 5] -> (25, 5)
[25, 6] -> (25, 6)
[26, 1] -> (26, 1)
[26, 2] -> (26, 2)
[26, 3] -> (26, 3)
[26, 4] -> (26, 4)
[26, 5] -> (26, 5)
[26, 6] -> (26, 6)
[27, 1] -> (27, 1)
[27, 2] -> (27, 2)
[27, 3] -> (27, 3)
[27, 4] -> (27, 4)
[27, 5] -> (27, 5)
[27, 6] -> (27, 6)
[27, 7] -> (27, 7)
[28, 1] -> (28, 1)
[28, 2] -> (28, 2)
[28, 3] -> (28, 3)
[28, 4] -> (28, 4)
[28, 5] -> (28, 5)
[28, 6] -> (28, 6)
[28, 7] -> (28, 7)
[29, 1] -> (29, 1)
[30, 1] -> (30, 1)
[30, 2] -> (30, 2)
[30, 3] -> (30, 3)
[30, 4] -> (30, 4)
[30, 5] -> (30, 5)
[30, 6] -> (30, 6)
[30, 7] -> (30, 7)
[30, 8] -> (30, 8)
[30, 9] -> (30, 9)
[30, 10] -> (30, 10)
[31, 1] -> (31, 1)
[31, 2] -> (31, 2)
[31, 3] -> (31, 3)
[31, 4] -> (31, 4)
[31, 5] -> (31, 5)
[31, 6] -> (31, 6)
[31, 7] -> (31, 7)
[31, 8] -> (31, 8)
[31, 9] -> (31, 9)
[31, 10] -> (31, 10)
[32, 1] -> (32, 1)
[32, 2] -> (32, 2)
[32, 3] -> (32, 3)
[32, 4] -> (32, 4)
[32, 5] -> (32, 5)
[32, 6] -> (32, 6)
[32, 7] -> (32, 7)
[32, 8] -> (32, 8)
[32, 9] -> (32, 9)
[32, 10] -> (32, 10)
[32, 11] -> (32, 11)
[32, 12] -> (32, 12)
[33, 1] -> (33, 1)
[33, 2] -> (33, 2)
[33, 3] -> (33, 3)
[33, 4] -> (33, 4)
[33, 5] -> (33, 5)
[33, 6] -> (33, 6)
[33, 7] -> (33, 7)
[33, 8] -> (33, 8)
[33, 9] -> (33, 9)
[33, 10] -> (33, 10)
[33, 11] -> (33, 11)
[33, 12] -> (33, 12)
[34, 1] -> (34, 1)
[35, 1] -> (35, 1)
[35, 2] -> (35, 2)
[35, 3] -> (35, 3)
[35, 4] -> (35, 4)
[35, 5] -> (35, 5)
[35, 6] -> (35, 6)
[35, 7] -> (35, 7)
[35, 8] -> (35, 8)
[35, 9] -> (35, 9)
[35, 10] -> (35, 10)
[35, 11] -> (35, 11)
[35, 12] -> (35, 12)
[36, 1] -> (36, 1)
[36, 2] -> (36, 2)
[36, 3] -> (36, 3)
[36, 4] -> (36, 4)
[36, 5] -> (36, 5)
[36, 6] -> (36, 6)
[36, 7] -> (36, 7)
[36, 8] -> (36, 8)
[36, 9] -> (36, 9)
[36, 10] -> (36, 10)
[36, 11] -> (36, 11)
[36, 12] -> (36, 12)
[37, 1] -> (37, 1)
[37, 2] -> (37, 2)
[37, 3] -> (37, 3)
[37, 4] -> (37, 4)
[37, 5] -> (37, 5)
[37, 6] -> (37, 6)
[37, 7] -> (37, 7)
[37, 8] -> (37, 8)
[37, 9] -> (37, 9)
[37, 10] -> (37, 10)
[38, 1] -> (38, 1)
[38, 2] -> (38, 2)
[38, 3] -> (38, 3)
[38, 4] -> (38, 4)
[38, 5] -> (38, 5)
[38, 6] -> (38, 6)
[38, 7] -> (38, 7)
[38, 8] -> (38, 8)
[38, 9] -> (38, 9)
[38, 10] -> (38, 10)
[39, 1] -> (39, 1)
[39, 2] -> (39, 2)
[39, 3] -> (39, 3)
[39, 4] -> (39, 4)
[39, 5] -> (39, 5)
[39, 6] -> (39, 6)
[39, 7] -> (39, 7)
[39, 8] -> (39, 8)
[39, 9] -> (39, 9)
[39, 10] -> (39, 10)
[39, 11] -> (39, 11)
[39, 12] -> (39, 12)
[40, 1] -> (40, 1)
[40, 2] -> (40, 2)
[40, 3] -> (40, 3)
[40, 4] -> (40, 4)
[40, 5] -> (40, 5)
[40, 6] -> (40, 6)
[40, 7] -> (40, 7)
[40, 8] -> (40, 8)
[40, 9] -> (40, 9)
[40, 10] -> (40, 10)
[40, 11] -> (40, 11)
[40, 12] -> (40, 12)
>>>> Translated Text
a + b
a - b
a * b
a / b
a \ b
a ^ b

a + b + c
a - b - c
a * b * c
a / b / c
a \ b \ c
a ^ b ^ c

a .* b
a ./ b
a .\ b
a .^ b

a .* b .* c
a ./ b ./ c
a .\ b .\ c
a .^ b .^ c

a & b
a | b
a && b
a || b

a & b & c
a | b | c
a && b && c
a || b || c

a == b == c
a ~= b ~= c
a < b < c
a > b > c
a <= b <= c
a >= b >= c
