>>>> Destination Language -> Source Language
[1, 1] -> (1, 1)
[1, 2] -> (1, 2)
[1, 3] -> (1, 3)
[1, 4] -> (1, 4)
[1, 5] -> (1, 5)
[1, 6] -> (1, 6)
[1, 7] -> (1, 7)
[1, 8] -> (1, 8)
[1, 9] -> (1, 9)
[1, 10] -> (1, 10)
[1, 11] -> (1, 12)
[1, 12] -> (1, 13)
[1, 1] -> (1, 1)
[2, 1] -> (2, 1)
[2, 2] -> (2, 2)
[2, 3] -> (2, 3)
[2, 4] -> (2, 4)
[2, 5] -> (2, 5)
[2, 6] -> (2, 7)
[2, 1] -> (2, 1)
[3, 1] -> (3, 1)
[3, 2] -> (3, 2)
[3, 3] -> (3, 3)
[3, 4] -> (3, 4)
[3, 5] -> (3, 5)
[3, 6] -> (3, 7)
[3, 1] -> (3, 1)
[4, 1] -> (4, 1)
[4, 2] -> (4, 2)
[4, 3] -> (4, 3)
[4, 4] -> (4, 4)
[4, 5] -> (4, 5)
[4, 6] -> (4, 7)
[4, 1] -> (4, 1)
[5, 1] -> (5, 1)
[5, 2] -> (5, 2)
[5, 3] -> (5, 3)
[5, 4] -> (5, 4)
[5, 5] -> (5, 5)
[5, 6] -> (5, 7)
[5, 1] -> (5, 1)
[6, 1] -> (6, 1)
[6, 2] -> (6, 2)
[6, 3] -> (6, 3)
[6, 4] -> (6, 4)
[6, 5] -> (6, 5)
[6, 6] -> (6, 7)
[6, 7] -> (7, 1)
[6, 8] -> (7, 2)
[6, 9] -> (7, 3)
[6, 10] -> (7, 4)
[6, 11] -> (7, 5)
[6, 12] -> (7, 6)
[6, 13] -> (7, 7)
[6, 14] -> (7, 8)
[6, 15] -> (7, 9)
[6, 16] -> (7, 11)
[6, 1] -> (6, 1)
[7, 1] -> (8, 1)
[7, 2] -> (8, 2)
[7, 3] -> (8, 3)
[7, 4] -> (8, 4)
[7, 5] -> (8, 5)
[7, 6] -> (8, 6)
[7, 7] -> (8, 7)
[7, 8] -> (8, 8)
[7, 9] -> (8, 9)
[7, 10] -> (8, 11)
[7, 1] -> (8, 1)
[8, 1] -> (9, 1)
[8, 2] -> (9, 2)
[8, 3] -> (9, 3)
[8, 4] -> (9, 4)
[8, 5] -> (9, 5)
[8, 6] -> (9, 6)
[8, 7] -> (9, 7)
[8, 8] -> (9, 8)
[8, 9] -> (9, 9)
[8, 10] -> (9, 11)
[8, 1] -> (9, 1)
[9, 1] -> (10, 1)
[9, 2] -> (10, 2)
[9, 3] -> (10, 3)
[9, 4] -> (10, 4)
[9, 5] -> (10, 5)
[9, 6] -> (10, 6)
[9, 7] -> (10, 7)
[9, 8] -> (10, 8)
[9, 9] -> (10, 9)
[9, 10] -> (10, 11)
[9, 1] -> (10, 1)
[10, 1] -> (11, 1)
[10, 2] -> (11, 2)
[10, 3] -> (11, 3)
[10, 4] -> (11, 4)
[10, 5] -> (11, 5)
[10, 6] -> (11, 6)
[10, 7] -> (11, 7)
[10, 8] -> (11, 8)
[10, 9] -> (11, 9)
[10, 10] -> (11, 11)
[10, 1] -> (11, 1)
[11, 1] -> (12, 1)
[11, 2] -> (12, 2)
[11, 3] -> (12, 3)
[11, 4] -> (12, 4)
[11, 5] -> (12, 5)
[11, 6] -> (12, 6)
[11, 7] -> (12, 7)
[11, 8] -> (12, 8)
[11, 9] -> (12, 9)
[11, 10] -> (12, 10)
[11, 11] -> (13, 1)
[11, 12] -> (13, 2)
[11, 13] -> (13, 3)
[11, 14] -> (13, 4)
[11, 15] -> (13, 5)
[11, 16] -> (13, 6)
[11, 17] -> (13, 8)
[11, 1] -> (12, 1)
[12, 1] -> (14, 1)
[12, 2] -> (14, 2)
[12, 3] -> (14, 3)
[12, 4] -> (14, 4)
[12, 5] -> (14, 5)
[12, 6] -> (14, 6)
[12, 7] -> (14, 8)
[12, 1] -> (14, 1)
[13, 1] -> (15, 1)
[13, 2] -> (15, 2)
[13, 3] -> (15, 3)
[13, 4] -> (15, 4)
[13, 5] -> (15, 5)
[13, 6] -> (15, 6)
[13, 7] -> (15, 8)
[13, 1] -> (15, 1)
[14, 1] -> (16, 1)
[14, 2] -> (16, 2)
[14, 3] -> (16, 3)
[14, 4] -> (16, 4)
[14, 5] -> (16, 5)
[14, 6] -> (16, 6)
[14, 7] -> (16, 7)
[14, 8] -> (17, 1)
[14, 9] -> (17, 2)
[14, 10] -> (17, 3)
[14, 11] -> (17, 4)
[14, 12] -> (17, 5)
[14, 13] -> (17, 6)
[14, 14] -> (17, 7)
[14, 15] -> (17, 8)
[14, 16] -> (17, 9)
[14, 17] -> (17, 10)
[14, 18] -> (17, 11)
[14, 19] -> (17, 13)
[14, 1] -> (16, 1)
[15, 1] -> (18, 1)
[15, 2] -> (18, 2)
[15, 3] -> (18, 3)
[15, 4] -> (18, 4)
[15, 5] -> (18, 5)
[15, 6] -> (18, 6)
[15, 7] -> (18, 7)
[15, 8] -> (18, 8)
[15, 9] -> (18, 9)
[15, 10] -> (18, 10)
[15, 11] -> (18, 11)
[15, 12] -> (18, 13)
[15, 1] -> (18, 1)
[16, 1] -> (19, 1)
[16, 2] -> (19, 2)
[16, 3] -> (19, 3)
[16, 4] -> (19, 4)
[16, 5] -> (19, 5)
[16, 6] -> (19, 6)
[16, 7] -> (19, 7)
[16, 8] -> (19, 8)
[16, 9] -> (19, 9)
[16, 10] -> (19, 10)
[16, 11] -> (19, 11)
[16, 12] -> (19, 13)
[16, 1] -> (19, 1)
[17, 1] -> (20, 1)
[17, 2] -> (20, 2)
[17, 3] -> (20, 3)
[17, 4] -> (20, 4)
[17, 5] -> (20, 5)
[17, 6] -> (20, 6)
[17, 7] -> (20, 7)
[17, 8] -> (20, 8)
[17, 9] -> (20, 9)
[17, 10] -> (20, 10)
[17, 11] -> (20, 11)
[17, 12] -> (20, 12)
[17, 13] -> (21, 1)
[17, 14] -> (21, 2)
[17, 15] -> (21, 3)
[17, 16] -> (21, 4)
[17, 17] -> (21, 5)
[17, 18] -> (21, 7)
[17, 1] -> (20, 1)
[18, 1] -> (22, 1)
[18, 2] -> (22, 2)
[18, 3] -> (22, 3)
[18, 4] -> (22, 4)
[18, 5] -> (22, 5)
[18, 6] -> (22, 7)
[18, 1] -> (22, 1)
[19, 1] -> (23, 1)
[19, 2] -> (23, 2)
[19, 3] -> (23, 3)
[19, 4] -> (23, 4)
[19, 5] -> (23, 5)
[19, 6] -> (23, 6)
[19, 7] -> (23, 8)
[19, 1] -> (23, 1)
[20, 1] -> (24, 1)
[20, 2] -> (24, 2)
[20, 3] -> (24, 3)
[20, 4] -> (24, 4)
[20, 5] -> (24, 5)
[20, 6] -> (24, 6)
[20, 7] -> (24, 7)
[20, 8] -> (25, 1)
[20, 9] -> (25, 2)
[20, 10] -> (25, 3)
[20, 11] -> (25, 4)
[20, 12] -> (25, 5)
[20, 13] -> (25, 6)
[20, 14] -> (25, 7)
[20, 15] -> (25, 8)
[20, 16] -> (25, 9)
[20, 17] -> (25, 11)
[20, 1] -> (24, 1)
[21, 1] -> (26, 1)
[21, 2] -> (26, 2)
[21, 3] -> (26, 3)
[21, 4] -> (26, 4)
[21, 5] -> (26, 5)
[21, 6] -> (26, 6)
[21, 7] -> (26, 7)
[21, 8] -> (26, 8)
[21, 9] -> (26, 9)
[21, 10] -> (26, 11)
[21, 1] -> (26, 1)
[22, 1] -> (27, 1)
[22, 2] -> (27, 2)
[22, 3] -> (27, 3)
[22, 4] -> (27, 4)
[22, 5] -> (27, 5)
[22, 6] -> (27, 6)
[22, 7] -> (27, 7)
[22, 8] -> (27, 8)
[22, 9] -> (27, 9)
[22, 10] -> (27, 10)
[22, 11] -> (27, 11)
[22, 12] -> (27, 13)
[22, 1] -> (27, 1)
[23, 1] -> (28, 1)
[23, 2] -> (28, 2)
[23, 3] -> (28, 3)
[23, 4] -> (28, 4)
[23, 5] -> (28, 5)
[23, 6] -> (28, 6)
[23, 7] -> (28, 7)
[23, 8] -> (28, 8)
[23, 9] -> (28, 9)
[23, 10] -> (28, 10)
[23, 11] -> (28, 11)
[23, 12] -> (28, 12)
[23, 13] -> (29, 1)
[23, 14] -> (29, 2)
[23, 15] -> (29, 3)
[23, 16] -> (29, 4)
[23, 17] -> (29, 5)
[23, 18] -> (29, 6)
[23, 19] -> (29, 7)
[23, 20] -> (29, 8)
[23, 21] -> (29, 9)
[23, 22] -> (29, 10)
[23, 23] -> (29, 11)
[23, 24] -> (29, 13)
[23, 1] -> (28, 1)
[24, 1] -> (30, 1)
[24, 2] -> (30, 2)
[24, 3] -> (30, 3)
[24, 4] -> (30, 4)
[24, 5] -> (30, 5)
[24, 6] -> (30, 6)
[24, 7] -> (30, 7)
[24, 8] -> (30, 8)
[24, 9] -> (30, 9)
[24, 10] -> (30, 10)
[24, 11] -> (30, 11)
[24, 12] -> (30, 13)
[24, 1] -> (30, 1)
[25, 1] -> (31, 1)
[25, 2] -> (31, 2)
[25, 3] -> (31, 3)
[25, 4] -> (31, 4)
[25, 5] -> (31, 5)
[25, 6] -> (31, 6)
[25, 7] -> (31, 7)
[25, 8] -> (31, 8)
[25, 9] -> (31, 9)
[25, 10] -> (31, 11)
[25, 1] -> (31, 1)
[26, 1] -> (32, 1)
[26, 2] -> (32, 2)
[26, 3] -> (32, 3)
[26, 4] -> (32, 4)
[26, 5] -> (32, 5)
[26, 6] -> (32, 6)
[26, 7] -> (32, 7)
[26, 8] -> (32, 8)
[26, 9] -> (32, 9)
[26, 10] -> (32, 11)
[26, 1] -> (32, 1)
[27, 1] -> (33, 1)
[27, 2] -> (33, 2)
[27, 3] -> (33, 3)
[27, 4] -> (33, 4)
[27, 5] -> (33, 5)
[27, 6] -> (33, 6)
[27, 7] -> (33, 7)
[27, 8] -> (33, 8)
[27, 9] -> (33, 9)
[27, 10] -> (33, 10)
[27, 11] -> (33, 11)
[27, 12] -> (33, 13)
[27, 1] -> (33, 1)
[28, 1] -> (34, 1)
[28, 2] -> (34, 2)
[28, 3] -> (34, 3)
[28, 4] -> (34, 4)
[28, 5] -> (34, 5)
[28, 6] -> (34, 6)
[28, 7] -> (34, 7)
[28, 8] -> (34, 8)
[28, 9] -> (34, 9)
[28, 10] -> (34, 10)
[28, 11] -> (34, 11)
[28, 12] -> (34, 12)
[28, 13] -> (34, 13)
[28, 1] -> (34, 1)
>>>> Translated Text
m = [a + b 
a - b
a * b
a / b
a \ b
a ^ b;a + b + c
a - b - c
a * b * c
a / b / c
a \ b \ c
a ^ b ^ c;a .* b
a ./ b
a .\ b
a .^ b;a .* b .* c
a ./ b ./ c
a .\ b .\ c
a .^ b .^ c;a & b
a | b
a && b
a || b;a & b & c
a | b | c
a && b && c
a || b || c;a == b == c
a ~= b ~= c
a < b < c
a > b > c
a <= b <= c
a >= b >= c]
