IDENTIFIER 1 1 1 =a
FILLER 1 2 1 = 
MISC 1 3 1 ='
