IDENTIFIER 1 1 1 =a
MTRANSPOSE 1 2 1 ='
LINE_TERMINATOR 1 3 1 =\n
IDENTIFIER 2 1 1 =a
MTRANSPOSE 2 2 1 ='
MTRANSPOSE 2 3 1 ='
LINE_TERMINATOR 2 4 1 =\n
IDENTIFIER 3 1 1 =a
MTRANSPOSE 3 2 1 ='
MTRANSPOSE 3 3 1 ='
MTRANSPOSE 3 4 1 ='
LINE_TERMINATOR 3 5 1 =\n
IDENTIFIER 4 1 1 =a
FILLER 4 2 1 = 
STRING 4 3 2 =''
LINE_TERMINATOR 4 5 1 =\n
IDENTIFIER 5 1 1 =a
MTRANSPOSE 5 2 1 ='
FILLER 5 3 1 = 
STRING 5 4 2 =''
LINE_TERMINATOR 5 6 1 =\n
