BREAK 1 1 5 =break
LINE_TERMINATOR 1 6 1 =\n
CASE 2 1 4 =case
LINE_TERMINATOR 2 5 1 =\n
CATCH 3 1 5 =catch
LINE_TERMINATOR 3 6 1 =\n
CONTINUE 4 1 8 =continue
LINE_TERMINATOR 4 9 1 =\n
ELSE 5 1 4 =else
LINE_TERMINATOR 5 5 1 =\n
ELSEIF 6 1 6 =elseif
LINE_TERMINATOR 6 7 1 =\n
END 7 1 3 =end
LINE_TERMINATOR 7 4 1 =\n
FOR 8 1 3 =for
LINE_TERMINATOR 8 4 1 =\n
FUNCTION 9 1 8 =function
LINE_TERMINATOR 9 9 1 =\n
GLOBAL 10 1 6 =global
LINE_TERMINATOR 10 7 1 =\n
IF 11 1 2 =if
LINE_TERMINATOR 11 3 1 =\n
OTHERWISE 12 1 9 =otherwise
LINE_TERMINATOR 12 10 1 =\n
PARFOR 13 1 6 =parfor
LINE_TERMINATOR 13 7 1 =\n
PERSISTENT 14 1 10 =persistent
LINE_TERMINATOR 14 11 1 =\n
RETURN 15 1 6 =return
LINE_TERMINATOR 15 7 1 =\n
SWITCH 16 1 6 =switch
LINE_TERMINATOR 16 7 1 =\n
TRY 17 1 3 =try
LINE_TERMINATOR 17 4 1 =\n
WHILE 18 1 5 =while
LINE_TERMINATOR 18 6 1 =\n
