COMMA 1 1 1 =,
COMMA 1 2 1 =,
LINE_TERMINATOR 1 3 1 =\n
COMMA 2 1 1 =,
FILLER 2 2 1 = 
LINE_TERMINATOR 2 3 1 =\n
COMMA 3 1 1 =,
FILLER 3 2 1 = 
COMMENT 3 3 1 =%
LINE_TERMINATOR 3 4 1 =\n
COMMA 4 1 1 =,
FILLER 4 2 1 = 
BRACKET_COMMENT 4 3 4 =%{%}
LINE_TERMINATOR 4 7 1 =\n
COMMA 5 1 1 =,
FILLER 5 2 1 = 
BRACKET_COMMENT 5 3 6 2 =%{\n%}
LINE_TERMINATOR 6 3 1 =\n
SEMICOLON 7 1 1 =;
SEMICOLON 7 2 1 =;
LINE_TERMINATOR 7 3 1 =\n
SEMICOLON 8 1 1 =;
FILLER 8 2 1 = 
LINE_TERMINATOR 8 3 1 =\n
SEMICOLON 9 1 1 =;
FILLER 9 2 1 = 
COMMENT 9 3 1 =%
LINE_TERMINATOR 9 4 1 =\n
SEMICOLON 10 1 1 =;
FILLER 10 2 1 = 
BRACKET_COMMENT 10 3 4 =%{%}
LINE_TERMINATOR 10 7 1 =\n
SEMICOLON 11 1 1 =;
FILLER 11 2 1 = 
BRACKET_COMMENT 11 3 12 2 =%{\n%}
LINE_TERMINATOR 12 3 1 =\n
