if test
    disp('then part')
else
    disp('else part')
end
