disp('befor if')
if test
    disp('then part')
end
disp('after if')